// Jest Snapshot v1, https://goo.gl/fbAQLP

exports[`matches snapshot 1`] = `
<DocumentFragment>
  <div
    style="height: 1em; width: 1em; background-color: blue;"
  >
    <button>
      X
    </button>
  </div>
</DocumentFragment>
`;
