// Jest Snapshot v1, https://goo.gl/fbAQLP

exports[`matches snapshot 1`] = `
<DocumentFragment>
  <span
    style="margin: 10px;"
  >
    <button>
      X
    </button>
  </span>
</DocumentFragment>
`;
